<html>
<body>
<pre>
<h1>µVision Build Log</h1>
<h2>Tool Versions:</h2>
IDE-Version: µVision V5.16a
Copyright (C) 2015 ARM Ltd and ARM Germany GmbH. All rights reserved.
License Information: navid asnari, andlearn.ir, LIC=CRMFW-Q5VL8-QFPIY-I2J79-HKED1-DXBPF
 
Tool Versions:
Toolchain:       MDK-ARM Professional  Version: 5.16a
Toolchain Path:  C:\Keil_v5\ARM\ARMCC\Bin
C Compiler:      Armcc.exe V5.06 (build 20)
Assembler:       Armasm.exe V5.06 (build 20)
Linker/Locator:  ArmLink.exe V5.06 (build 20)
Library Manager: ArmAr.exe V5.06 (build 20)
Hex Converter:   FromElf.exe V5.06 (build 20)
CPU DLL:         SARMCM3.DLL V5.16a
Dialog DLL:      DARMCM1.DLL V1.12.0.0
Target DLL:      Segger\JL2CM3.dll V2.99.15.2
Dialog DLL:      TARMCM1.DLL V1.9.0.0
 
<h2>Project:</h2>
D:\nrf51_sdk_v6_1_0_b2ec2e6\nrf51822\Board\nrf6310\s110\ble_app_hrs_our_service_S110_2\arm\ble_app_hrs.uvprojx
Project File Date:  04/28/2016

<h2>Output:</h2>
*** Using Compiler 'V5.06 (build 20)', folder: 'C:\Keil_v5\ARM\ARMCC\Bin'
Build target 'nrf51822_xxaa_s110 (256K)'
creating preprocessor file for main.c...
compiling main.c...
..\main.c(413): warning:  #177-D: variable "m_adv_uuids" was declared but never referenced
  		ble_uuid_t m_adv_uuids[] = {BLE_UUID_OUR_SERVICE, BLE_UUID_TYPE_VENDOR_BEGIN};
..\main.c(491): warning:  #177-D: variable "os_init" was declared but never referenced
  		ble_os_t       os_init;
..\main.c(769): warning:  #223-D: function "ble_our_service_on_ble_evt" declared implicitly
  		ble_our_service_on_ble_evt(&m_our_service, p_ble_evt);
..\main.c(917): warning:  #223-D: function "our_termperature_characteristic_update2" declared implicitly
  		our_termperature_characteristic_update2(&m_our_service,omid);
..\main.c(207): warning:  #177-D: function "battery_level_update" was declared but never referenced
  static void battery_level_update(void)
..\main.c: 5 warnings, 0 errors
linking...
Program Size: Code=22732 RO-data=396 RW-data=280 ZI-data=5680  
FromELF: creating hex file...
".\_build\ble_app_hrs.axf" - 0 Error(s), 5 Warning(s).

<h2>Software Packages used:</h2>

Package Vendor: ARM
                http://www.keil.com/pack/ARM.CMSIS.4.5.0.pack
                ARM::CMSIS:CORE:4.3.0
                CMSIS (Cortex Microcontroller Software Interface Standard)
   * Component: CORE Version: 4.3.0

Package Vendor: NordicSemiconductor
                http://developer.nordicsemi.com/nRF5_SDK/pieces/nRF_DeviceFamilyPack/NordicSemiconductor.nRF_DeviceFamilyPack.8.5.0.pack
                NordicSemiconductor::Device:Startup:8.5.0
                Nordic Semiconductor nRF ARM devices Device Family Pack.
   * Component: Startup Version: 8.5.0

<h2>Collection of Component include folders:</h2>
  D:\nrf51_sdk_v6_1_0_b2ec2e6\nrf51822\Board\nrf6310\s110\ble_app_hrs_our_service_S110_2\arm\RTE
  C:\Keil_v5\ARM\PACK\ARM\CMSIS\4.5.0\CMSIS\Include
  C:\Keil_v5\ARM\PACK\NordicSemiconductor\nRF_DeviceFamilyPack\8.5.0\Device\Include

<h2>Collection of Component Files used:</h2>

   * Component: ARM::CMSIS:CORE:4.3.0

   * Component: NordicSemiconductor::Device:Startup:8.5.0
      Source file:   Device\Source\arm\arm_startup_nrf51.s
      Source file:   Device\Source\system_nrf51.c
      Include file:  Device\Include\system_nrf51.h
Build Time Elapsed:  00:00:01
</pre>
</body>
</html>
